
> ehub-backend@1.0.0 dev:linux
> [ -f ./.env.linux ] && . ./.env.linux; nodemon server.js

[33m[nodemon] 3.1.14[39m
[33m[nodemon] to restart at any time, enter `rs`[39m
[33m[nodemon] watching path(s): *.*[39m
[33m[nodemon] watching extensions: js,mjs,cjs,json[39m
[32m[nodemon] starting `node server.js`[39m
10:15:41 [[32minfo[39m]: [Bootstrap] MinIO connected
10:15:41 [[32minfo[39m]: [Bootstrap] Redis connected
10:15:41 [[32minfo[39m]: [Bootstrap] MySQL2 Pool OKE
10:15:41 [[32minfo[39m]: [Bootstrap] DI container oke
10:15:41 [[32minfo[39m]: {"pid":165925}
10:15:41 [[33mwarn[39m]: [Bootstrap] OUTBOX_WORKER_IN_API=false: each API instance forks one mail worker — scale replicas with care.
10:15:41 [[32minfo[39m]: [Bootstrap] App oke
10:15:41 [[32minfo[39m]: 🚀 ims-server running → http://0.0.0.0:7777
10:15:41 [[32minfo[39m]: 📋 Environment: development
10:15:42 [[32minfo[39m]: [Bootstrap] MinIO connected
10:15:42 [[32minfo[39m]: [Bootstrap] Redis connected
10:15:42 [[32minfo[39m]: → GET /api/v1/auth/me | meta: {"requestId":"019d89fc-d948-73d2-865a-25e09b9e29a1","cookies":{"_ga":"GA1.1.1169328970.1751595212","_ga_R6GED77XBQ":"GS2.1.s1751595212$o1$g0$t1751595221$j51$l0$h0","access_token":"***","refresh_token":"***"}}
10:15:42 [[34mdebug[39m]: [Service] AuthService.getProfile - Start | meta: {"requestId":"019d89fc-d948-73d2-865a-25e09b9e29a1","args":[5]}
10:15:42 [[31merror[39m]: [Service] AuthService.getProfile - Failed | meta: {"requestId":"019d89fc-d948-73d2-865a-25e09b9e29a1","error":{"name":"AppError","statusCode":404,"errorCode":"RES_001","details":null,"isOperational":true,"timestamp":"2026-04-14T03:15:42.542Z"}}
10:15:42 [[33mwarn[39m]: ← GET /api/v1/auth/me  404  9ms | meta: {"requestId":"019d89fc-d948-73d2-865a-25e09b9e29a1"}
10:15:42 [[32minfo[39m]: [Bootstrap] MySQL2 Pool OKE
10:15:42 [[32minfo[39m]: [mailOutboxChild] running (forked from API)
10:15:46 [[32minfo[39m]: → GET /api/v1/auth/me | meta: {"requestId":"019d89fc-e9d1-75dd-b56f-0b8f8a5b1c91","cookies":{"access_token":"***","refresh_token":"***"}}
10:15:46 [[34mdebug[39m]: [Service] AuthService.getProfile - Start | meta: {"requestId":"019d89fc-e9d1-75dd-b56f-0b8f8a5b1c91","args":[6]}
10:15:46 [[31merror[39m]: [Service] AuthService.getProfile - Failed | meta: {"requestId":"019d89fc-e9d1-75dd-b56f-0b8f8a5b1c91","error":{"name":"AppError","statusCode":404,"errorCode":"RES_001","details":null,"isOperational":true,"timestamp":"2026-04-14T03:15:46.772Z"}}
10:15:46 [[33mwarn[39m]: ← GET /api/v1/auth/me  404  4ms | meta: {"requestId":"019d89fc-e9d1-75dd-b56f-0b8f8a5b1c91"}
10:15:51 [[32minfo[39m]: → GET /api/v1/auth/me | meta: {"requestId":"019d89fc-fe24-77ad-9854-b1ea2924612d","cookies":{"refresh_token":"***"}}
10:15:51 [[33mwarn[39m]: ← GET /api/v1/auth/me  401  1ms | meta: {"requestId":"019d89fc-fe24-77ad-9854-b1ea2924612d"}
10:15:51 [[32minfo[39m]: → POST /api/v1/auth/refresh-token | meta: {"requestId":"019d89fc-fe2a-7278-a115-092b296196d0","cookies":{"refresh_token":"***"}}
10:15:51 [[34mdebug[39m]: [Service] AuthService.refresh - Start | meta: {"requestId":"019d89fc-fe2a-7278-a115-092b296196d0","args":["eyJhbGciOiJIUzI1NiIsInR5cCI6IkpXVCJ9.eyJzdWIiOjEsImVtYWlsIjoibGVjMUBlaHViLmNvbSIsInJvbGVzIjpbImxlY3R1cmVyIl0sImp0aSI6ImJhMTY2YmI1LTkxZjctNDk0Zi1iMDZmLTkxZTY4YTM2MDcyMSIsInR5cGUiOiJyZWZyZXNoIiwiaWF0IjoxNzc2MTM1NDY0LCJleHAiOjE3Nzg3Mjc0NjQsImlzcyI6Imltcy1zZXJ2ZXIifQ.sTc-lDY6wNwq73DO1MCiUbckjJxBpzfbOqvgp__H-ys",{"ip":"127.0.0.1","userAgent":"Mozilla/5.0 (X11; Linux x86_64) AppleWebKit/537.36 (KHTML, like Gecko) Chrome/145.0.0.0 Safari/537.36","requestId":"019d89fc-fe2a-7278-a115-092b296196d0","startTime":1776136551978}]}
10:15:51 [[34mdebug[39m]: [Service] AuthService.refresh - Success (5ms) | meta: {"requestId":"019d89fc-fe2a-7278-a115-092b296196d0"}
10:15:51 [[32minfo[39m]: ← POST /api/v1/auth/refresh-token  200  6ms | meta: {"requestId":"019d89fc-fe2a-7278-a115-092b296196d0"}
10:15:51 [[32minfo[39m]: → GET /api/v1/auth/me | meta: {"requestId":"019d89fc-fe35-743b-8da6-1222bbd7f7e3","cookies":{"access_token":"***","refresh_token":"***"}}
10:15:51 [[34mdebug[39m]: [Service] AuthService.getProfile - Start | meta: {"requestId":"019d89fc-fe35-743b-8da6-1222bbd7f7e3","args":[1]}
10:15:51 [[34mdebug[39m]: [Service] AuthService.getProfile - Success (7ms) | meta: {"requestId":"019d89fc-fe35-743b-8da6-1222bbd7f7e3"}
10:15:51 [[32minfo[39m]: ← GET /api/v1/auth/me  200  9ms | meta: {"requestId":"019d89fc-fe35-743b-8da6-1222bbd7f7e3"}
10:15:52 [[32minfo[39m]: → GET /api/v1/semesters | meta: {"requestId":"019d89fc-ff7c-74ec-bda2-a6cd0dffb86c","cookies":{"access_token":"***","refresh_token":"***"}}
10:15:52 [[34mdebug[39m]: [Service] SemesterService.getList - Start | meta: {"requestId":"019d89fc-ff7c-74ec-bda2-a6cd0dffb86c","args":[{},{"allowedSortColumns":["semester_code","semester_name","year","start_date","end_date","status","created_at"],"filters":{}}]}
10:15:52 [[32minfo[39m]: → GET /api/v1/classes/7/overview | meta: {"requestId":"019d89fc-ff7e-726c-bccb-c9dea1dd76a6","cookies":{"access_token":"***","refresh_token":"***"}}
10:15:52 [[34mdebug[39m]: [Service] SemesterService.getList - Success (6ms) | meta: {"requestId":"019d89fc-ff7c-74ec-bda2-a6cd0dffb86c"}
10:15:52 [[32minfo[39m]: ← GET /api/v1/semesters  200  9ms | meta: {"requestId":"019d89fc-ff7c-74ec-bda2-a6cd0dffb86c"}
10:15:52 [[33mwarn[39m]: ← GET /api/v1/classes/7/overview  404  10ms | meta: {"requestId":"019d89fc-ff7e-726c-bccb-c9dea1dd76a6"}
10:15:52 [[32minfo[39m]: → GET /api/v1/semesters | meta: {"requestId":"019d89fc-ffff-7258-a3ae-7f6b81f086fe","cookies":{"access_token":"***","refresh_token":"***"}}
10:15:52 [[34mdebug[39m]: [Service] SemesterService.getList - Start | meta: {"requestId":"019d89fc-ffff-7258-a3ae-7f6b81f086fe","args":[{},{"allowedSortColumns":["semester_code","semester_name","year","start_date","end_date","status","created_at"],"filters":{}}]}
10:15:52 [[34mdebug[39m]: [Service] SemesterService.getList - Success (1ms) | meta: {"requestId":"019d89fc-ffff-7258-a3ae-7f6b81f086fe"}
10:15:52 [[32minfo[39m]: ← GET /api/v1/semesters  304  3ms | meta: {"requestId":"019d89fc-ffff-7258-a3ae-7f6b81f086fe"}
10:15:52 [[32minfo[39m]: → GET /api/v1/classes/stats?year=2026&semester_id=1 | meta: {"requestId":"019d89fd-000e-758a-be22-36aa87cdb73b","cookies":{"access_token":"***","refresh_token":"***"}}
10:15:52 [[32minfo[39m]: → GET /api/v1/classes?lecturerScope=mine&limit=50&page=1&year=2026&semester_id=1 | meta: {"requestId":"019d89fd-0010-77ad-95b5-2e200eab13df","cookies":{"access_token":"***","refresh_token":"***"}}
10:15:52 [[32minfo[39m]: ← GET /api/v1/classes/stats?year=2026&semester_id=1  200  7ms | meta: {"requestId":"019d89fd-000e-758a-be22-36aa87cdb73b"}
10:15:52 [[32minfo[39m]: ← GET /api/v1/classes?lecturerScope=mine&limit=50&page=1&year=2026&semester_id=1  200  7ms | meta: {"requestId":"019d89fd-0010-77ad-95b5-2e200eab13df"}
10:16:08 [[32minfo[39m]: → POST /api/v1/classes | meta: {"requestId":"019d89fd-3fbb-723f-8c56-40e0faa72daa","body":{"subject":"EXE101","classSection":7,"year":2026,"semester":1,"students":{"list":[{"memberCode":"DA18101","rollNumber":"DA18101","email":"datda18101@fpt.edu.vn","fullname":"Hoàng Phúc Đạt","major":"Business","status":"inactive"},{"memberCode":"DA18102","rollNumber":"DA18102","email":"khangda18102@fpt.edu.vn","fullname":"Huỳnh Anh Khang","major":"Business","status":"inactive"},{"memberCode":"DE180030","rollNumber":"DE180030","email":"anhnkde180030@fpt.edu.vn","fullname":"Nguyễn Khắc Anh","major":"IT","status":"inactive"},{"memberCode":"DS18104","rollNumber":"DS18104","email":"minhds18104@fpt.edu.vn","fullname":"Lê Phúc Minh","major":"Design","status":"inactive"},{"memberCode":"DA18105","rollNumber":"DA18105","email":"apt3233gpt@gmail.com","fullname":"Server02109","major":"Business","status":"inactive"},{"memberCode":"DS18106","rollNumber":"DS18106","email":"khangds18106@fpt.edu.vn","fullname":"Đặng Anh Khang","major":"Design","status":"inactive"},{"memberCode":"DE180037","rollNumber":"DE180037","email":"baohgde180037@fpt.edu.vn","fullname":"Hoàng Gia Bảo","major":"IT","status":"inactive"},{"memberCode":"DS18108","rollNumber":"DS18108","email":"khacanh19803535@gmail.com","fullname":"Khắc Anh 1980","major":"Design","status":"inactive"},{"memberCode":"DE18109","rollNumber":"DE18109","email":"khacanhnguyen84@gmail.com","fullname":"Khắc Anh Nguyễn","major":"IT","status":"inactive"},{"memberCode":"DE18110","rollNumber":"DE18110","email":"anhnk3233@gmail.com","fullname":"Anh Job","major":"Design","status":"inactive"},{"memberCode":"DS18111","rollNumber":"DS18111","email":"anhds18111@fpt.edu.vn","fullname":"Huỳnh Huy Anh","major":"Design","status":"inactive"},{"memberCode":"DE18112","rollNumber":"DE18112","email":"minhde18112@fpt.edu.vn","fullname":"Bùi Bảo Minh","major":"IT","status":"inactive"},{"memberCode":"DE18113","rollNumber":"DE18113","email":"baode18113@fpt.edu.vn","fullname":"Trần Bảo Bảo","major":"IT","status":"inactive"},{"memberCode":"DA18114","rollNumber":"DA18114","email":"anhda18114@fpt.edu.vn","fullname":"Huỳnh Quân Anh","major":"Business","status":"inactive"},{"memberCode":"DS18115","rollNumber":"DS18115","email":"datds18115@fpt.edu.vn","fullname":"Võ Khôi Đạt","major":"Design","status":"inactive"},{"memberCode":"DE18116","rollNumber":"DE18116","email":"khangde18116@fpt.edu.vn","fullname":"Lê Long Khang","major":"IT","status":"inactive"},{"memberCode":"DA18117","rollNumber":"DA18117","email":"phucda18117@fpt.edu.vn","fullname":"Nguyễn Đạt Phúc","major":"Business","status":"inactive"},{"memberCode":"DE18118","rollNumber":"DE18118","email":"minhde18118@fpt.edu.vn","fullname":"Huỳnh Anh Minh","major":"Design","status":"inactive"},{"memberCode":"DE18119","rollNumber":"DE18119","email":"anhde18119@fpt.edu.vn","fullname":"Bùi Phúc Anh","major":"Design","status":"inactive"},{"memberCode":"DE18120","rollNumber":"DE18120","email":"huyde18120@fpt.edu.vn","fullname":"Võ Long Huy","major":"IT","status":"inactive"},{"memberCode":"DE18121","rollNumber":"DE18121","email":"phucde18121@fpt.edu.vn","fullname":"Bùi Phúc Phúc","major":"Design","status":"inactive"},{"memberCode":"DS18122","rollNumber":"DS18122","email":"minhds18122@fpt.edu.vn","fullname":"Đặng Long Minh","major":"Design","status":"inactive"},{"memberCode":"DS18123","rollNumber":"DS18123","email":"longds18123@fpt.edu.vn","fullname":"Nguyễn Quân Long","major":"Design","status":"inactive"},{"memberCode":"DE18124","rollNumber":"DE18124","email":"anhde18124@fpt.edu.vn","fullname":"Bùi Bảo Anh","major":"IT","status":"inactive"},{"memberCode":"DS18125","rollNumber":"DS18125","email":"khangds18125@fpt.edu.vn","fullname":"Bùi Phúc Khang","major":"Design","status":"inactive"},{"memberCode":"DA18126","rollNumber":"DA18126","email":"baoda18126@fpt.edu.vn","fullname":"Huỳnh Long Bảo","major":"Business","status":"inactive"},{"memberCode":"DE18127","rollNumber":"DE18127","email":"khoide18127@fpt.edu.vn","fullname":"Nguyễn Huy Khôi","major":"Design","status":"inactive"},{"memberCode":"DE18128","rollNumber":"DE18128","email":"longde18128@fpt.edu.vn","fullname":"Trần Khôi Long","major":"IT","status":"inactive"},{"memberCode":"DS18129","rollNumber":"DS18129","email":"anhds18129@fpt.edu.vn","fullname":"Bùi Khôi Anh","major":"Design","status":"inactive"},{"memberCode":"DE18130","rollNumber":"DE18130","email":"phucde18130@fpt.edu.vn","fullname":"Huỳnh Long Phúc","major":"IT","status":"inactive"},{"memberCode":"DA18131","rollNumber":"DA18131","email":"khoida18131@fpt.edu.vn","fullname":"Phạm Phúc Khôi","major":"Business","status":"inactive"},{"memberCode":"DE18132","rollNumber":"DE18132","email":"khangde18132@fpt.edu.vn","fullname":"Bùi Huy Khang","major":"IT","status":"inactive"},{"memberCode":"DS18133","rollNumber":"DS18133","email":"khoids18133@fpt.edu.vn","fullname":"Hoàng Long Khôi","major":"Design","status":"inactive"}],"summary":{"total":33,"valid":33,"needReview":0}}},"cookies":{"access_token":"***","refresh_token":"***"}}
[createClass] Request received, useNewFormat=true, students.list.length=33
[createClass] Insert chunk 1/4, size=10
[createClass] Chunk 1 student 1/10: code=DA18101 email=datda18101@fpt.edu.vn fullname=Hoàng Phúc Đạt major=Business
[createClass] Chunk 1 student 2/10: code=DA18102 email=khangda18102@fpt.edu.vn fullname=Huỳnh Anh Khang major=Business
[createClass] Chunk 1 student 3/10: code=DE180030 email=anhnkde180030@fpt.edu.vn fullname=Nguyễn Khắc Anh major=IT
[createClass] Chunk 1 student 4/10: code=DS18104 email=minhds18104@fpt.edu.vn fullname=Lê Phúc Minh major=Design
[createClass] Chunk 1 student 5/10: code=DA18105 email=apt3233gpt@gmail.com fullname=Server02109 major=Business
[createClass] Chunk 1 student 6/10: code=DS18106 email=khangds18106@fpt.edu.vn fullname=Đặng Anh Khang major=Design
[createClass] Chunk 1 student 7/10: code=DE180037 email=baohgde180037@fpt.edu.vn fullname=Hoàng Gia Bảo major=IT
[createClass] Chunk 1 student 8/10: code=DS18108 email=khacanh19803535@gmail.com fullname=Khắc Anh 1980 major=Design
[createClass] Chunk 1 student 9/10: code=DE18109 email=khacanhnguyen84@gmail.com fullname=Khắc Anh Nguyễn major=IT
[createClass] Chunk 1 student 10/10: code=DE18110 email=anhnk3233@gmail.com fullname=Anh Job major=Design
[createClass] Chunk 1 done, inserted so far: 10
[createClass] Insert chunk 2/4, size=10
[createClass] Chunk 2 student 1/10: code=DS18111 email=anhds18111@fpt.edu.vn fullname=Huỳnh Huy Anh major=Design
[createClass] Chunk 2 student 2/10: code=DE18112 email=minhde18112@fpt.edu.vn fullname=Bùi Bảo Minh major=IT
[createClass] Chunk 2 student 3/10: code=DE18113 email=baode18113@fpt.edu.vn fullname=Trần Bảo Bảo major=IT
[createClass] Chunk 2 student 4/10: code=DA18114 email=anhda18114@fpt.edu.vn fullname=Huỳnh Quân Anh major=Business
[createClass] Chunk 2 student 5/10: code=DS18115 email=datds18115@fpt.edu.vn fullname=Võ Khôi Đạt major=Design
[createClass] Chunk 2 student 6/10: code=DE18116 email=khangde18116@fpt.edu.vn fullname=Lê Long Khang major=IT
[createClass] Chunk 2 student 7/10: code=DA18117 email=phucda18117@fpt.edu.vn fullname=Nguyễn Đạt Phúc major=Business
[createClass] Chunk 2 student 8/10: code=DE18118 email=minhde18118@fpt.edu.vn fullname=Huỳnh Anh Minh major=Design
[createClass] Chunk 2 student 9/10: code=DE18119 email=anhde18119@fpt.edu.vn fullname=Bùi Phúc Anh major=Design
[createClass] Chunk 2 student 10/10: code=DE18120 email=huyde18120@fpt.edu.vn fullname=Võ Long Huy major=IT
[createClass] Chunk 2 done, inserted so far: 20
[createClass] Insert chunk 3/4, size=10
[createClass] Chunk 3 student 1/10: code=DE18121 email=phucde18121@fpt.edu.vn fullname=Bùi Phúc Phúc major=Design
[createClass] Chunk 3 student 2/10: code=DS18122 email=minhds18122@fpt.edu.vn fullname=Đặng Long Minh major=Design
[createClass] Chunk 3 student 3/10: code=DS18123 email=longds18123@fpt.edu.vn fullname=Nguyễn Quân Long major=Design
[createClass] Chunk 3 student 4/10: code=DE18124 email=anhde18124@fpt.edu.vn fullname=Bùi Bảo Anh major=IT
[createClass] Chunk 3 student 5/10: code=DS18125 email=khangds18125@fpt.edu.vn fullname=Bùi Phúc Khang major=Design
[createClass] Chunk 3 student 6/10: code=DA18126 email=baoda18126@fpt.edu.vn fullname=Huỳnh Long Bảo major=Business
[createClass] Chunk 3 student 7/10: code=DE18127 email=khoide18127@fpt.edu.vn fullname=Nguyễn Huy Khôi major=Design
[createClass] Chunk 3 student 8/10: code=DE18128 email=longde18128@fpt.edu.vn fullname=Trần Khôi Long major=IT
[createClass] Chunk 3 student 9/10: code=DS18129 email=anhds18129@fpt.edu.vn fullname=Bùi Khôi Anh major=Design
[createClass] Chunk 3 student 10/10: code=DE18130 email=phucde18130@fpt.edu.vn fullname=Huỳnh Long Phúc major=IT
[createClass] Chunk 3 done, inserted so far: 30
[createClass] Insert chunk 4/4, size=3
[createClass] Chunk 4 student 1/3: code=DA18131 email=khoida18131@fpt.edu.vn fullname=Phạm Phúc Khôi major=Business
[createClass] Chunk 4 student 2/3: code=DE18132 email=khangde18132@fpt.edu.vn fullname=Bùi Huy Khang major=IT
[createClass] Chunk 4 student 3/3: code=DS18133 email=khoids18133@fpt.edu.vn fullname=Hoàng Long Khôi major=Design
[createClass] Chunk 4 done, inserted so far: 33
10:16:08 [[34mdebug[39m]: [EventBus] No listeners registered for: class.created | meta: {"requestId":"019d89fd-3fbb-723f-8c56-40e0faa72daa"}
10:16:08 [[34mdebug[39m]: [EventBus] No listeners registered for: students.uploaded | meta: {"requestId":"019d89fd-3fbb-723f-8c56-40e0faa72daa"}
10:16:08 [[32minfo[39m]: ← POST /api/v1/classes  201  60ms | meta: {"requestId":"019d89fd-3fbb-723f-8c56-40e0faa72daa"}
10:16:08 [[32minfo[39m]: → GET /api/v1/classes/stats?year=2026&lecturerScope=mine&limit=50&page=1 | meta: {"requestId":"019d89fd-3ffb-7475-8478-f1ef48ba604e","cookies":{"access_token":"***","refresh_token":"***"}}
10:16:08 [[32minfo[39m]: → GET /api/v1/classes?year=2026&lecturerScope=mine&limit=50&page=1 | meta: {"requestId":"019d89fd-3ffd-7432-b3aa-a919a9b964d2","cookies":{"access_token":"***","refresh_token":"***"}}
10:16:08 [[32minfo[39m]: ← GET /api/v1/classes/stats?year=2026&lecturerScope=mine&limit=50&page=1  304  7ms | meta: {"requestId":"019d89fd-3ffb-7475-8478-f1ef48ba604e"}
10:16:08 [[32minfo[39m]: ← GET /api/v1/classes?year=2026&lecturerScope=mine&limit=50&page=1  200  7ms | meta: {"requestId":"019d89fd-3ffd-7432-b3aa-a919a9b964d2"}
10:16:09 [[32minfo[39m]: → GET /api/v1/classes/7/overview | meta: {"requestId":"019d89fd-4408-7782-8e13-472505b33543","cookies":{"access_token":"***","refresh_token":"***"}}
10:16:09 [[32minfo[39m]: → GET /api/v1/semesters | meta: {"requestId":"019d89fd-4409-74cc-9fbb-10a8d455dbdf","cookies":{"access_token":"***","refresh_token":"***"}}
10:16:09 [[34mdebug[39m]: [Service] SemesterService.getList - Start | meta: {"requestId":"019d89fd-4409-74cc-9fbb-10a8d455dbdf","args":[{},{"allowedSortColumns":["semester_code","semester_name","year","start_date","end_date","status","created_at"],"filters":{}}]}
10:16:09 [[34mdebug[39m]: [Service] SemesterService.getList - Success (1ms) | meta: {"requestId":"019d89fd-4409-74cc-9fbb-10a8d455dbdf"}
10:16:09 [[32minfo[39m]: ← GET /api/v1/semesters  304  2ms | meta: {"requestId":"019d89fd-4409-74cc-9fbb-10a8d455dbdf"}
10:16:09 [[32minfo[39m]: ← GET /api/v1/classes/7/overview  200  7ms | meta: {"requestId":"019d89fd-4408-7782-8e13-472505b33543"}
10:16:09 [[32minfo[39m]: → GET /api/v1/classes?year=2026&lecturerScope=mine&limit=100&page=1&semester_code=SP2026 | meta: {"requestId":"019d89fd-4416-70e8-a780-32d17571839e","cookies":{"access_token":"***","refresh_token":"***"}}
10:16:09 [[32minfo[39m]: ← GET /api/v1/classes?year=2026&lecturerScope=mine&limit=100&page=1&semester_code=SP2026  200  3ms | meta: {"requestId":"019d89fd-4416-70e8-a780-32d17571839e"}
10:16:12 [[32minfo[39m]: [Email][disabled] skip send to=apt3233gpt@gmail.com subject=[E-HUB] Mời tham gia lớp EXE101-07-SP2026
10:16:12 [[32minfo[39m]: [Email][disabled] skip send to=khacanhnguyen84@gmail.com subject=[E-HUB] Mời tham gia lớp EXE101-07-SP2026
10:16:12 [[32minfo[39m]: [Email][disabled] skip send to=khacanh19803535@gmail.com subject=[E-HUB] Mời tham gia lớp EXE101-07-SP2026
10:16:12 [[32minfo[39m]: [Email][disabled] skip send to=datda18101@fpt.edu.vn subject=[E-HUB] Mời tham gia lớp EXE101-07-SP2026
10:16:12 [[32minfo[39m]: [Email][disabled] skip send to=khangda18102@fpt.edu.vn subject=[E-HUB] Mời tham gia lớp EXE101-07-SP2026
10:16:12 [[32minfo[39m]: [Email][disabled] skip send to=anhnk3233@gmail.com subject=[E-HUB] Mời tham gia lớp EXE101-07-SP2026
10:16:12 [[32minfo[39m]: [Email][disabled] skip send to=baohgde180037@fpt.edu.vn subject=[E-HUB] Mời tham gia lớp EXE101-07-SP2026
10:16:12 [[32minfo[39m]: [Email][disabled] skip send to=anhnkde180030@fpt.edu.vn subject=[E-HUB] Mời tham gia lớp EXE101-07-SP2026
10:16:12 [[32minfo[39m]: [Email][disabled] skip send to=khangds18106@fpt.edu.vn subject=[E-HUB] Mời tham gia lớp EXE101-07-SP2026
10:16:12 [[32minfo[39m]: [OutboxMailWorker] invite email sent | meta: {"inviteId":5,"outboxId":1,"publicId":"af4d878c-f43e-4445-a9e3-c83bf7fcce70","to":"ap***@gmail.com"}
10:16:12 [[32minfo[39m]: [Email][disabled] skip send to=minhds18104@fpt.edu.vn subject=[E-HUB] Mời tham gia lớp EXE101-07-SP2026
10:16:12 [[32minfo[39m]: [OutboxMailWorker] invite email sent | meta: {"inviteId":2,"outboxId":1,"publicId":"af4d878c-f43e-4445-a9e3-c83bf7fcce70","to":"kh***@fpt.edu.vn"}
10:16:12 [[32minfo[39m]: [OutboxMailWorker] invite email sent | meta: {"inviteId":10,"outboxId":1,"publicId":"af4d878c-f43e-4445-a9e3-c83bf7fcce70","to":"an***@gmail.com"}
10:16:12 [[32minfo[39m]: [OutboxMailWorker] invite email sent | meta: {"inviteId":6,"outboxId":1,"publicId":"af4d878c-f43e-4445-a9e3-c83bf7fcce70","to":"kh***@fpt.edu.vn"}
10:16:12 [[32minfo[39m]: [OutboxMailWorker] invite email sent | meta: {"inviteId":1,"outboxId":1,"publicId":"af4d878c-f43e-4445-a9e3-c83bf7fcce70","to":"da***@fpt.edu.vn"}
10:16:12 [[32minfo[39m]: [OutboxMailWorker] invite email sent | meta: {"inviteId":8,"outboxId":1,"publicId":"af4d878c-f43e-4445-a9e3-c83bf7fcce70","to":"kh***@gmail.com"}
10:16:12 [[32minfo[39m]: [OutboxMailWorker] invite email sent | meta: {"inviteId":9,"outboxId":1,"publicId":"af4d878c-f43e-4445-a9e3-c83bf7fcce70","to":"kh***@gmail.com"}
10:16:12 [[32minfo[39m]: [OutboxMailWorker] invite email sent | meta: {"inviteId":4,"outboxId":1,"publicId":"af4d878c-f43e-4445-a9e3-c83bf7fcce70","to":"mi***@fpt.edu.vn"}
10:16:12 [[32minfo[39m]: [OutboxMailWorker] invite email sent | meta: {"inviteId":7,"outboxId":1,"publicId":"af4d878c-f43e-4445-a9e3-c83bf7fcce70","to":"ba***@fpt.edu.vn"}
10:16:12 [[32minfo[39m]: [OutboxMailWorker] invite email sent | meta: {"inviteId":3,"outboxId":1,"publicId":"af4d878c-f43e-4445-a9e3-c83bf7fcce70","to":"an***@fpt.edu.vn"}
10:16:12 [[32minfo[39m]: [Email][disabled] skip send to=anhds18111@fpt.edu.vn subject=[E-HUB] Mời tham gia lớp EXE101-07-SP2026
10:16:12 [[32minfo[39m]: [OutboxMailWorker] invite email sent | meta: {"inviteId":11,"outboxId":1,"publicId":"af4d878c-f43e-4445-a9e3-c83bf7fcce70","to":"an***@fpt.edu.vn"}
10:16:12 [[32minfo[39m]: [Email][disabled] skip send to=anhda18114@fpt.edu.vn subject=[E-HUB] Mời tham gia lớp EXE101-07-SP2026
10:16:12 [[32minfo[39m]: [Email][disabled] skip send to=huyde18120@fpt.edu.vn subject=[E-HUB] Mời tham gia lớp EXE101-07-SP2026
10:16:12 [[32minfo[39m]: [Email][disabled] skip send to=baode18113@fpt.edu.vn subject=[E-HUB] Mời tham gia lớp EXE101-07-SP2026
10:16:12 [[32minfo[39m]: [Email][disabled] skip send to=minhde18112@fpt.edu.vn subject=[E-HUB] Mời tham gia lớp EXE101-07-SP2026
10:16:12 [[32minfo[39m]: [Email][disabled] skip send to=phucda18117@fpt.edu.vn subject=[E-HUB] Mời tham gia lớp EXE101-07-SP2026
10:16:12 [[32minfo[39m]: [Email][disabled] skip send to=datds18115@fpt.edu.vn subject=[E-HUB] Mời tham gia lớp EXE101-07-SP2026
10:16:12 [[32minfo[39m]: [Email][disabled] skip send to=khangde18116@fpt.edu.vn subject=[E-HUB] Mời tham gia lớp EXE101-07-SP2026
10:16:12 [[32minfo[39m]: [Email][disabled] skip send to=anhde18119@fpt.edu.vn subject=[E-HUB] Mời tham gia lớp EXE101-07-SP2026
10:16:12 [[32minfo[39m]: [Email][disabled] skip send to=minhde18118@fpt.edu.vn subject=[E-HUB] Mời tham gia lớp EXE101-07-SP2026
10:16:12 [[32minfo[39m]: [OutboxMailWorker] invite email sent | meta: {"inviteId":12,"outboxId":1,"publicId":"af4d878c-f43e-4445-a9e3-c83bf7fcce70","to":"mi***@fpt.edu.vn"}
10:16:12 [[32minfo[39m]: [OutboxMailWorker] invite email sent | meta: {"inviteId":20,"outboxId":1,"publicId":"af4d878c-f43e-4445-a9e3-c83bf7fcce70","to":"hu***@fpt.edu.vn"}
10:16:12 [[32minfo[39m]: [OutboxMailWorker] invite email sent | meta: {"inviteId":18,"outboxId":1,"publicId":"af4d878c-f43e-4445-a9e3-c83bf7fcce70","to":"mi***@fpt.edu.vn"}
10:16:12 [[32minfo[39m]: [OutboxMailWorker] invite email sent | meta: {"inviteId":13,"outboxId":1,"publicId":"af4d878c-f43e-4445-a9e3-c83bf7fcce70","to":"ba***@fpt.edu.vn"}
10:16:12 [[32minfo[39m]: [OutboxMailWorker] invite email sent | meta: {"inviteId":19,"outboxId":1,"publicId":"af4d878c-f43e-4445-a9e3-c83bf7fcce70","to":"an***@fpt.edu.vn"}
10:16:12 [[32minfo[39m]: [OutboxMailWorker] invite email sent | meta: {"inviteId":15,"outboxId":1,"publicId":"af4d878c-f43e-4445-a9e3-c83bf7fcce70","to":"da***@fpt.edu.vn"}
10:16:12 [[32minfo[39m]: [OutboxMailWorker] invite email sent | meta: {"inviteId":14,"outboxId":1,"publicId":"af4d878c-f43e-4445-a9e3-c83bf7fcce70","to":"an***@fpt.edu.vn"}
10:16:12 [[32minfo[39m]: [OutboxMailWorker] invite email sent | meta: {"inviteId":16,"outboxId":1,"publicId":"af4d878c-f43e-4445-a9e3-c83bf7fcce70","to":"kh***@fpt.edu.vn"}
10:16:12 [[32minfo[39m]: [OutboxMailWorker] invite email sent | meta: {"inviteId":17,"outboxId":1,"publicId":"af4d878c-f43e-4445-a9e3-c83bf7fcce70","to":"ph***@fpt.edu.vn"}
10:16:12 [[32minfo[39m]: [Email][disabled] skip send to=phucde18121@fpt.edu.vn subject=[E-HUB] Mời tham gia lớp EXE101-07-SP2026
10:16:12 [[32minfo[39m]: [OutboxMailWorker] invite email sent | meta: {"inviteId":21,"outboxId":1,"publicId":"af4d878c-f43e-4445-a9e3-c83bf7fcce70","to":"ph***@fpt.edu.vn"}
10:16:12 [[32minfo[39m]: [Email][disabled] skip send to=anhds18129@fpt.edu.vn subject=[E-HUB] Mời tham gia lớp EXE101-07-SP2026
10:16:12 [[32minfo[39m]: [Email][disabled] skip send to=khoide18127@fpt.edu.vn subject=[E-HUB] Mời tham gia lớp EXE101-07-SP2026
10:16:12 [[32minfo[39m]: [Email][disabled] skip send to=longde18128@fpt.edu.vn subject=[E-HUB] Mời tham gia lớp EXE101-07-SP2026
10:16:12 [[32minfo[39m]: [Email][disabled] skip send to=khangds18125@fpt.edu.vn subject=[E-HUB] Mời tham gia lớp EXE101-07-SP2026
10:16:12 [[32minfo[39m]: [Email][disabled] skip send to=minhds18122@fpt.edu.vn subject=[E-HUB] Mời tham gia lớp EXE101-07-SP2026
10:16:12 [[32minfo[39m]: [Email][disabled] skip send to=phucde18130@fpt.edu.vn subject=[E-HUB] Mời tham gia lớp EXE101-07-SP2026
10:16:12 [[32minfo[39m]: [Email][disabled] skip send to=anhde18124@fpt.edu.vn subject=[E-HUB] Mời tham gia lớp EXE101-07-SP2026
10:16:12 [[32minfo[39m]: [Email][disabled] skip send to=longds18123@fpt.edu.vn subject=[E-HUB] Mời tham gia lớp EXE101-07-SP2026
10:16:12 [[32minfo[39m]: [Email][disabled] skip send to=baoda18126@fpt.edu.vn subject=[E-HUB] Mời tham gia lớp EXE101-07-SP2026
10:16:12 [[32minfo[39m]: [OutboxMailWorker] invite email sent | meta: {"inviteId":28,"outboxId":1,"publicId":"af4d878c-f43e-4445-a9e3-c83bf7fcce70","to":"lo***@fpt.edu.vn"}
10:16:12 [[32minfo[39m]: [OutboxMailWorker] invite email sent | meta: {"inviteId":24,"outboxId":1,"publicId":"af4d878c-f43e-4445-a9e3-c83bf7fcce70","to":"an***@fpt.edu.vn"}
10:16:12 [[32minfo[39m]: [OutboxMailWorker] invite email sent | meta: {"inviteId":23,"outboxId":1,"publicId":"af4d878c-f43e-4445-a9e3-c83bf7fcce70","to":"lo***@fpt.edu.vn"}
10:16:12 [[32minfo[39m]: [OutboxMailWorker] invite email sent | meta: {"inviteId":25,"outboxId":1,"publicId":"af4d878c-f43e-4445-a9e3-c83bf7fcce70","to":"kh***@fpt.edu.vn"}
10:16:12 [[32minfo[39m]: [OutboxMailWorker] invite email sent | meta: {"inviteId":29,"outboxId":1,"publicId":"af4d878c-f43e-4445-a9e3-c83bf7fcce70","to":"an***@fpt.edu.vn"}
10:16:12 [[32minfo[39m]: [OutboxMailWorker] invite email sent | meta: {"inviteId":27,"outboxId":1,"publicId":"af4d878c-f43e-4445-a9e3-c83bf7fcce70","to":"kh***@fpt.edu.vn"}
10:16:12 [[32minfo[39m]: [OutboxMailWorker] invite email sent | meta: {"inviteId":22,"outboxId":1,"publicId":"af4d878c-f43e-4445-a9e3-c83bf7fcce70","to":"mi***@fpt.edu.vn"}
10:16:12 [[32minfo[39m]: [Email][disabled] skip send to=khoida18131@fpt.edu.vn subject=[E-HUB] Mời tham gia lớp EXE101-07-SP2026
10:16:12 [[32minfo[39m]: [OutboxMailWorker] invite email sent | meta: {"inviteId":26,"outboxId":1,"publicId":"af4d878c-f43e-4445-a9e3-c83bf7fcce70","to":"ba***@fpt.edu.vn"}
10:16:12 [[32minfo[39m]: [OutboxMailWorker] invite email sent | meta: {"inviteId":30,"outboxId":1,"publicId":"af4d878c-f43e-4445-a9e3-c83bf7fcce70","to":"ph***@fpt.edu.vn"}
10:16:12 [[32minfo[39m]: [OutboxMailWorker] invite email sent | meta: {"inviteId":31,"outboxId":1,"publicId":"af4d878c-f43e-4445-a9e3-c83bf7fcce70","to":"kh***@fpt.edu.vn"}
10:16:12 [[32minfo[39m]: [Email][disabled] skip send to=khangde18132@fpt.edu.vn subject=[E-HUB] Mời tham gia lớp EXE101-07-SP2026
10:16:12 [[32minfo[39m]: [Email][disabled] skip send to=khoids18133@fpt.edu.vn subject=[E-HUB] Mời tham gia lớp EXE101-07-SP2026
10:16:12 [[32minfo[39m]: [OutboxMailWorker] invite email sent | meta: {"inviteId":33,"outboxId":1,"publicId":"af4d878c-f43e-4445-a9e3-c83bf7fcce70","to":"kh***@fpt.edu.vn"}
10:16:12 [[32minfo[39m]: [OutboxMailWorker] invite email sent | meta: {"inviteId":32,"outboxId":1,"publicId":"af4d878c-f43e-4445-a9e3-c83bf7fcce70","to":"kh***@fpt.edu.vn"}
10:16:12 [[34mdebug[39m]: [EventBus] No listeners registered for: mail.dispatch.completed
10:16:12 [[32minfo[39m]: [OutboxMailWorker] class outbox completed | meta: {"publicId":"af4d878c-f43e-4445-a9e3-c83bf7fcce70","outboxId":1}
10:18:50 [[32minfo[39m]: → POST /api/v1/groups | meta: {"requestId":"019d89ff-b755-713f-908f-361af5d306a8","body":{"class_id":7,"group_code":"Alpha_mny1y89e","group_name":"Alpha","topic":"Thiết kế tàu sân bay","topic_desc":"Thiết kế tàu sân bay hiện đại bắn tên lửa","zalo_link":"http://localhost:5173/lecturer/classes/7","category":"Mobile App","mentor_name":"Nguyễn Duy Đức","mentor_dept":"Khoa Hệ thống Thông tin","max_members":6,"status":"forming","members":[{"student_id":123},{"student_id":127},{"student_id":129},{"student_id":130},{"student_id":125},{"student_id":134}],"leader_student_id":123},"cookies":{"access_token":"***","refresh_token":"***"}}
10:18:50 [[32minfo[39m]: ← POST /api/v1/groups  201  22ms | meta: {"requestId":"019d89ff-b755-713f-908f-361af5d306a8"}
10:18:50 [[32minfo[39m]: → GET /api/v1/classes/7/overview | meta: {"requestId":"019d89ff-b770-717b-9009-1532d74cd8de","cookies":{"access_token":"***","refresh_token":"***"}}
10:18:50 [[32minfo[39m]: ← GET /api/v1/classes/7/overview  200  4ms | meta: {"requestId":"019d89ff-b770-717b-9009-1532d74cd8de"}
10:18:52 [[32minfo[39m]: [Email][disabled] skip send to=baohgde180037@fpt.edu.vn subject=[E-HUB] Kích hoạt tài khoản và lời mời nhóm «Alpha»
10:18:52 [[32minfo[39m]: [Email][disabled] skip send to=apt3233gpt@gmail.com subject=[E-HUB] Kích hoạt tài khoản và lời mời nhóm «Alpha»
10:18:52 [[32minfo[39m]: [Email][disabled] skip send to=khacanhnguyen84@gmail.com subject=[E-HUB] Kích hoạt tài khoản và lời mời nhóm «Alpha»
10:18:52 [[32minfo[39m]: [Email][disabled] skip send to=anhda18114@fpt.edu.vn subject=[E-HUB] Kích hoạt tài khoản và lời mời nhóm «Alpha»
10:18:52 [[32minfo[39m]: [Email][disabled] skip send to=anhnk3233@gmail.com subject=[E-HUB] Kích hoạt tài khoản và lời mời nhóm «Alpha»
10:18:52 [[32minfo[39m]: [OutboxMailWorker] group invite email sent | meta: {"groupInviteId":3,"outboxId":2,"publicId":"bf35ba41-d867-41e6-af1d-c1d5df876499","to":"an***@gmail.com"}
10:18:52 [[32minfo[39m]: [OutboxMailWorker] group invite email sent | meta: {"groupInviteId":5,"outboxId":2,"publicId":"bf35ba41-d867-41e6-af1d-c1d5df876499","to":"an***@fpt.edu.vn"}
10:18:52 [[32minfo[39m]: [OutboxMailWorker] group invite email sent | meta: {"groupInviteId":4,"outboxId":2,"publicId":"bf35ba41-d867-41e6-af1d-c1d5df876499","to":"ap***@gmail.com"}
10:18:52 [[32minfo[39m]: [OutboxMailWorker] group invite email sent | meta: {"groupInviteId":2,"outboxId":2,"publicId":"bf35ba41-d867-41e6-af1d-c1d5df876499","to":"kh***@gmail.com"}
10:18:52 [[32minfo[39m]: [OutboxMailWorker] group invite email sent | meta: {"groupInviteId":1,"outboxId":2,"publicId":"bf35ba41-d867-41e6-af1d-c1d5df876499","to":"ba***@fpt.edu.vn"}
10:18:52 [[34mdebug[39m]: [EventBus] No listeners registered for: mail.dispatch.completed
10:18:52 [[32minfo[39m]: [OutboxMailWorker] group-invite outbox completed | meta: {"publicId":"bf35ba41-d867-41e6-af1d-c1d5df876499","outboxId":2}
10:21:07 [[32minfo[39m]: → GET /api/v1/auth/google | meta: {"requestId":"019d8a01-d02f-72cd-a5fa-c4621e674ec8","cookies":{"access_token":"***","refresh_token":"***"}}
10:21:07 [[34mdebug[39m]: [Service] AuthService.getGoogleAuthUrl - Start | meta: {"requestId":"019d8a01-d02f-72cd-a5fa-c4621e674ec8","args":[]}
10:21:07 [[34mdebug[39m]: [Service] AuthService.getGoogleAuthUrl - Success (1ms) | meta: {"requestId":"019d8a01-d02f-72cd-a5fa-c4621e674ec8"}
10:21:07 [[32minfo[39m]: ← GET /api/v1/auth/google  302  2ms | meta: {"requestId":"019d8a01-d02f-72cd-a5fa-c4621e674ec8"}
10:21:13 [[32minfo[39m]: → GET /api/v1/auth/google | meta: {"requestId":"019d8a01-e479-7022-96be-1b5c256bd9b3","cookies":{"_ga":"GA1.1.1169328970.1751595212","_ga_R6GED77XBQ":"GS2.1.s1751595212$o1$g0$t1751595221$j51$l0$h0","access_token":"***","refresh_token":"***"}}
10:21:13 [[34mdebug[39m]: [Service] AuthService.getGoogleAuthUrl - Start | meta: {"requestId":"019d8a01-e479-7022-96be-1b5c256bd9b3","args":[]}
10:21:13 [[34mdebug[39m]: [Service] AuthService.getGoogleAuthUrl - Success (1ms) | meta: {"requestId":"019d8a01-e479-7022-96be-1b5c256bd9b3"}
10:21:13 [[32minfo[39m]: ← GET /api/v1/auth/google  302  1ms | meta: {"requestId":"019d8a01-e479-7022-96be-1b5c256bd9b3"}
10:21:14 [[32minfo[39m]: → GET /api/v1/auth/me | meta: {"requestId":"019d8a01-e97c-7148-835d-d352a3f9be85","cookies":{"_ga":"GA1.1.1169328970.1751595212","_ga_R6GED77XBQ":"GS2.1.s1751595212$o1$g0$t1751595221$j51$l0$h0","access_token":"***","refresh_token":"***"}}
10:21:14 [[34mdebug[39m]: [Service] AuthService.getProfile - Start | meta: {"requestId":"019d8a01-e97c-7148-835d-d352a3f9be85","args":[5]}
10:21:14 [[31merror[39m]: [Service] AuthService.getProfile - Failed | meta: {"requestId":"019d8a01-e97c-7148-835d-d352a3f9be85","error":{"name":"AppError","statusCode":404,"errorCode":"RES_001","details":null,"isOperational":true,"timestamp":"2026-04-14T03:21:14.367Z"}}
10:21:14 [[33mwarn[39m]: ← GET /api/v1/auth/me  404  4ms | meta: {"requestId":"019d8a01-e97c-7148-835d-d352a3f9be85"}
10:21:21 [[32minfo[39m]: → GET /api/v1/auth/authorize/google?state=MTc3NjEzNjg3MzA4MQ&iss=https%3A%2F%2Faccounts.google.com&code=4%2F0Aci98E8k9ZVp9SCHFGMvbMdsDKIPVBrIgUUa7EA8-Vk1vzfV3zzptFBlulIj4VSfhe7M8Q&scope=email+profile+https%3A%2F%2Fwww.googleapis.com%2Fauth%2Fuserinfo.profile+https%3A%2F%2Fwww.googleapis.com%2Fauth%2Fuserinfo.email+openid&authuser=0&hd=fpt.edu.vn&prompt=consent | meta: {"requestId":"019d8a02-049d-7572-9dbd-302e68481dd7","cookies":{"_ga":"GA1.1.1169328970.1751595212","_ga_R6GED77XBQ":"GS2.1.s1751595212$o1$g0$t1751595221$j51$l0$h0","access_token":"***","refresh_token":"***"}}
10:21:21 [[34mdebug[39m]: [Service] AuthService.loginWithGoogle - Start | meta: {"requestId":"019d8a02-049d-7572-9dbd-302e68481dd7","args":["4/0Aci98E8k9ZVp9SCHFGMvbMdsDKIPVBrIgUUa7EA8-Vk1vzfV3zzptFBlulIj4VSfhe7M8Q",{"ip":"127.0.0.1","userAgent":"Mozilla/5.0 (X11; Linux x86_64) AppleWebKit/537.36 (KHTML, like Gecko) Chrome/145.0.0.0 Safari/537.36","requestId":"019d8a02-049d-7572-9dbd-302e68481dd7","startTime":1776136881309}]}
10:21:21 [[34mdebug[39m]: [Service] AuthService.loginWithGoogle - Success (512ms) | meta: {"requestId":"019d8a02-049d-7572-9dbd-302e68481dd7"}
10:21:21 [[32minfo[39m]: ← GET /api/v1/auth/authorize/google?state=MTc3NjEzNjg3MzA4MQ&iss=https%3A%2F%2Faccounts.google.com&code=4%2F0Aci98E8k9ZVp9SCHFGMvbMdsDKIPVBrIgUUa7EA8-Vk1vzfV3zzptFBlulIj4VSfhe7M8Q&scope=email+profile+https%3A%2F%2Fwww.googleapis.com%2Fauth%2Fuserinfo.profile+https%3A%2F%2Fwww.googleapis.com%2Fauth%2Fuserinfo.email+openid&authuser=0&hd=fpt.edu.vn&prompt=consent  302  514ms | meta: {"requestId":"019d8a02-049d-7572-9dbd-302e68481dd7"}
10:21:21 [[32minfo[39m]: → GET /api/v1/auth/me | meta: {"requestId":"019d8a02-072d-7736-a15b-b829c17ac31d","cookies":{"_ga":"GA1.1.1169328970.1751595212","_ga_R6GED77XBQ":"GS2.1.s1751595212$o1$g0$t1751595221$j51$l0$h0","access_token":"***","refresh_token":"***"}}
10:21:21 [[34mdebug[39m]: [Service] AuthService.getProfile - Start | meta: {"requestId":"019d8a02-072d-7736-a15b-b829c17ac31d","args":[5]}
10:21:21 [[34mdebug[39m]: [Service] AuthService.getProfile - Success (2ms) | meta: {"requestId":"019d8a02-072d-7736-a15b-b829c17ac31d"}
10:21:21 [[32minfo[39m]: ← GET /api/v1/auth/me  200  5ms | meta: {"requestId":"019d8a02-072d-7736-a15b-b829c17ac31d"}
10:21:22 [[32minfo[39m]: → GET /api/v1/groups/invites/pending | meta: {"requestId":"019d8a02-0759-7780-a681-d4a0a9197ab0","cookies":{"_ga":"GA1.1.1169328970.1751595212","_ga_R6GED77XBQ":"GS2.1.s1751595212$o1$g0$t1751595221$j51$l0$h0","access_token":"***","refresh_token":"***"}}
10:21:22 [[34mdebug[39m]: [Service] GroupInviteService.listPendingForUser - Start | meta: {"requestId":"019d8a02-0759-7780-a681-d4a0a9197ab0","args":[{"id":5,"email":"anhnkde180030@fpt.edu.vn","roles":["student"]}]}
10:21:22 [[34mdebug[39m]: [Service] GroupInviteService.listPendingForUser - Success (6ms) | meta: {"requestId":"019d8a02-0759-7780-a681-d4a0a9197ab0"}
10:21:22 [[32minfo[39m]: ← GET /api/v1/groups/invites/pending  200  8ms | meta: {"requestId":"019d8a02-0759-7780-a681-d4a0a9197ab0"}
10:21:22 [[32minfo[39m]: → GET /api/v1/groups/invites/pending | meta: {"requestId":"019d8a02-0764-700a-b8cc-1460c54d35ec","cookies":{"_ga":"GA1.1.1169328970.1751595212","_ga_R6GED77XBQ":"GS2.1.s1751595212$o1$g0$t1751595221$j51$l0$h0","access_token":"***","refresh_token":"***"}}
10:21:22 [[34mdebug[39m]: [Service] GroupInviteService.listPendingForUser - Start | meta: {"requestId":"019d8a02-0764-700a-b8cc-1460c54d35ec","args":[{"id":5,"email":"anhnkde180030@fpt.edu.vn","roles":["student"]}]}
10:21:22 [[34mdebug[39m]: [Service] GroupInviteService.listPendingForUser - Success (3ms) | meta: {"requestId":"019d8a02-0764-700a-b8cc-1460c54d35ec"}
10:21:22 [[32minfo[39m]: ← GET /api/v1/groups/invites/pending  304  5ms | meta: {"requestId":"019d8a02-0764-700a-b8cc-1460c54d35ec"}
10:21:22 [[32minfo[39m]: → GET /api/v1/groups/invites/pending | meta: {"requestId":"019d8a02-076d-74aa-bb6d-3d8ded5b1bff","cookies":{"_ga":"GA1.1.1169328970.1751595212","_ga_R6GED77XBQ":"GS2.1.s1751595212$o1$g0$t1751595221$j51$l0$h0","access_token":"***","refresh_token":"***"}}
10:21:22 [[34mdebug[39m]: [Service] GroupInviteService.listPendingForUser - Start | meta: {"requestId":"019d8a02-076d-74aa-bb6d-3d8ded5b1bff","args":[{"id":5,"email":"anhnkde180030@fpt.edu.vn","roles":["student"]}]}
10:21:22 [[34mdebug[39m]: [Service] GroupInviteService.listPendingForUser - Success (6ms) | meta: {"requestId":"019d8a02-076d-74aa-bb6d-3d8ded5b1bff"}
10:21:22 [[32minfo[39m]: ← GET /api/v1/groups/invites/pending  304  9ms | meta: {"requestId":"019d8a02-076d-74aa-bb6d-3d8ded5b1bff"}
10:21:22 [[32minfo[39m]: → GET /api/v1/auth/me | meta: {"requestId":"019d8a02-0a85-70e4-9592-7482aa3d6c50"}
10:21:22 [[33mwarn[39m]: ← GET /api/v1/auth/me  401  1ms | meta: {"requestId":"019d8a02-0a85-70e4-9592-7482aa3d6c50"}
10:21:22 [[32minfo[39m]: → POST /api/v1/auth/refresh-token | meta: {"requestId":"019d8a02-0a8b-728a-bd9a-ea1946e13e1b"}
10:21:22 [[34mdebug[39m]: [Service] AuthService.refresh - Start | meta: {"requestId":"019d8a02-0a8b-728a-bd9a-ea1946e13e1b","args":[null,{"ip":"127.0.0.1","userAgent":"Mozilla/5.0 (X11; Linux x86_64) AppleWebKit/537.36 (KHTML, like Gecko) Chrome/145.0.0.0 Safari/537.36","requestId":"019d8a02-0a8b-728a-bd9a-ea1946e13e1b","startTime":1776136882827}]}
10:21:22 [[31merror[39m]: [Service] AuthService.refresh - Failed | meta: {"requestId":"019d8a02-0a8b-728a-bd9a-ea1946e13e1b","error":{"name":"AppError","statusCode":401,"errorCode":"AUTH_003","details":null,"isOperational":true,"timestamp":"2026-04-14T03:21:22.828Z"}}
10:21:22 [[33mwarn[39m]: ← POST /api/v1/auth/refresh-token  401  1ms | meta: {"requestId":"019d8a02-0a8b-728a-bd9a-ea1946e13e1b"}
10:21:24 [[32minfo[39m]: → GET /api/v1/auth/google | meta: {"requestId":"019d8a02-107e-70ab-9123-9659c6410857"}
10:21:24 [[34mdebug[39m]: [Service] AuthService.getGoogleAuthUrl - Start | meta: {"requestId":"019d8a02-107e-70ab-9123-9659c6410857","args":[]}
10:21:24 [[34mdebug[39m]: [Service] AuthService.getGoogleAuthUrl - Success (0ms) | meta: {"requestId":"019d8a02-107e-70ab-9123-9659c6410857"}
10:21:24 [[32minfo[39m]: ← GET /api/v1/auth/google  302  1ms | meta: {"requestId":"019d8a02-107e-70ab-9123-9659c6410857"}
10:21:28 [[32minfo[39m]: → GET /api/v1/auth/authorize/google?state=MTc3NjEzNjg4NDM1MA&iss=https%3A%2F%2Faccounts.google.com&code=4%2F0Aci98E-vSrCpiKJmQfXFL7umFNUmizgcpnPxl0-DKDRC1hNj6kQkFJLgt6QUW85SFZtniQ&scope=email+profile+https%3A%2F%2Fwww.googleapis.com%2Fauth%2Fuserinfo.profile+https%3A%2F%2Fwww.googleapis.com%2Fauth%2Fuserinfo.email+openid&authuser=0&prompt=consent | meta: {"requestId":"019d8a02-1eee-7629-88d8-57b165025f38"}
10:21:28 [[34mdebug[39m]: [Service] AuthService.loginWithGoogle - Start | meta: {"requestId":"019d8a02-1eee-7629-88d8-57b165025f38","args":["4/0Aci98E-vSrCpiKJmQfXFL7umFNUmizgcpnPxl0-DKDRC1hNj6kQkFJLgt6QUW85SFZtniQ",{"ip":"127.0.0.1","userAgent":"Mozilla/5.0 (X11; Linux x86_64) AppleWebKit/537.36 (KHTML, like Gecko) Chrome/145.0.0.0 Safari/537.36","requestId":"019d8a02-1eee-7629-88d8-57b165025f38","startTime":1776136888046}]}
10:21:28 [[34mdebug[39m]: [Service] AuthService.loginWithGoogle - Success (365ms) | meta: {"requestId":"019d8a02-1eee-7629-88d8-57b165025f38"}
10:21:28 [[32minfo[39m]: ← GET /api/v1/auth/authorize/google?state=MTc3NjEzNjg4NDM1MA&iss=https%3A%2F%2Faccounts.google.com&code=4%2F0Aci98E-vSrCpiKJmQfXFL7umFNUmizgcpnPxl0-DKDRC1hNj6kQkFJLgt6QUW85SFZtniQ&scope=email+profile+https%3A%2F%2Fwww.googleapis.com%2Fauth%2Fuserinfo.profile+https%3A%2F%2Fwww.googleapis.com%2Fauth%2Fuserinfo.email+openid&authuser=0&prompt=consent  302  366ms | meta: {"requestId":"019d8a02-1eee-7629-88d8-57b165025f38"}
10:21:28 [[32minfo[39m]: → GET /api/v1/auth/me | meta: {"requestId":"019d8a02-20fa-76e0-81c3-c6d5f338fff0","cookies":{"access_token":"***","refresh_token":"***"}}
10:21:28 [[34mdebug[39m]: [Service] AuthService.getProfile - Start | meta: {"requestId":"019d8a02-20fa-76e0-81c3-c6d5f338fff0","args":[6]}
10:21:28 [[34mdebug[39m]: [Service] AuthService.getProfile - Success (1ms) | meta: {"requestId":"019d8a02-20fa-76e0-81c3-c6d5f338fff0"}
10:21:28 [[32minfo[39m]: ← GET /api/v1/auth/me  200  3ms | meta: {"requestId":"019d8a02-20fa-76e0-81c3-c6d5f338fff0"}
10:21:28 [[32minfo[39m]: → GET /api/v1/groups/invites/pending | meta: {"requestId":"019d8a02-211b-75ff-a6fc-748531314699","cookies":{"access_token":"***","refresh_token":"***"}}
10:21:28 [[34mdebug[39m]: [Service] GroupInviteService.listPendingForUser - Start | meta: {"requestId":"019d8a02-211b-75ff-a6fc-748531314699","args":[{"id":6,"email":"khacanhnguyen84@gmail.com","roles":["student"]}]}
10:21:28 [[34mdebug[39m]: [Service] GroupInviteService.listPendingForUser - Success (4ms) | meta: {"requestId":"019d8a02-211b-75ff-a6fc-748531314699"}
10:21:28 [[32minfo[39m]: ← GET /api/v1/groups/invites/pending  200  7ms | meta: {"requestId":"019d8a02-211b-75ff-a6fc-748531314699"}
10:21:28 [[32minfo[39m]: → GET /api/v1/groups/invites/pending | meta: {"requestId":"019d8a02-2125-75d7-b77e-55180ae57fea","cookies":{"access_token":"***","refresh_token":"***"}}
10:21:28 [[34mdebug[39m]: [Service] GroupInviteService.listPendingForUser - Start | meta: {"requestId":"019d8a02-2125-75d7-b77e-55180ae57fea","args":[{"id":6,"email":"khacanhnguyen84@gmail.com","roles":["student"]}]}
10:21:28 [[34mdebug[39m]: [Service] GroupInviteService.listPendingForUser - Success (1ms) | meta: {"requestId":"019d8a02-2125-75d7-b77e-55180ae57fea"}
10:21:28 [[32minfo[39m]: ← GET /api/v1/groups/invites/pending  304  3ms | meta: {"requestId":"019d8a02-2125-75d7-b77e-55180ae57fea"}
10:21:28 [[32minfo[39m]: → GET /api/v1/groups/invites/pending | meta: {"requestId":"019d8a02-212a-7469-8c6a-582679580310","cookies":{"access_token":"***","refresh_token":"***"}}
10:21:28 [[34mdebug[39m]: [Service] GroupInviteService.listPendingForUser - Start | meta: {"requestId":"019d8a02-212a-7469-8c6a-582679580310","args":[{"id":6,"email":"khacanhnguyen84@gmail.com","roles":["student"]}]}
10:21:28 [[34mdebug[39m]: [Service] GroupInviteService.listPendingForUser - Success (3ms) | meta: {"requestId":"019d8a02-212a-7469-8c6a-582679580310"}
10:21:28 [[32minfo[39m]: ← GET /api/v1/groups/invites/pending  304  4ms | meta: {"requestId":"019d8a02-212a-7469-8c6a-582679580310"}
10:21:29 [[32minfo[39m]: → POST /api/v1/groups/invites/11b3d17d18e328ce5765098cf1870ca6c5c08416b0658d9c4da6194cb8b7f254/accept | meta: {"requestId":"019d8a02-260f-779f-9896-f9931c277503","cookies":{"access_token":"***","refresh_token":"***"}}
10:21:29 [[34mdebug[39m]: [Service] GroupInviteService.accept - Start | meta: {"requestId":"019d8a02-260f-779f-9896-f9931c277503","args":["11b3d17d18e328ce5765098cf1870ca6c5c08416b0658d9c4da6194cb8b7f254",{"id":6,"email":"khacanhnguyen84@gmail.com","roles":["student"]}]}
10:21:29 [[34mdebug[39m]: [Service] GroupInviteService.accept - Success (15ms) | meta: {"requestId":"019d8a02-260f-779f-9896-f9931c277503"}
10:21:29 [[32minfo[39m]: ← POST /api/v1/groups/invites/11b3d17d18e328ce5765098cf1870ca6c5c08416b0658d9c4da6194cb8b7f254/accept  200  18ms | meta: {"requestId":"019d8a02-260f-779f-9896-f9931c277503"}
10:21:29 [[32minfo[39m]: → GET /api/v1/groups/invites/pending | meta: {"requestId":"019d8a02-2625-76bd-9f15-7283e425f800","cookies":{"access_token":"***","refresh_token":"***"}}
10:21:29 [[34mdebug[39m]: [Service] GroupInviteService.listPendingForUser - Start | meta: {"requestId":"019d8a02-2625-76bd-9f15-7283e425f800","args":[{"id":6,"email":"khacanhnguyen84@gmail.com","roles":["student"]}]}
10:21:29 [[34mdebug[39m]: [Service] GroupInviteService.listPendingForUser - Success (2ms) | meta: {"requestId":"019d8a02-2625-76bd-9f15-7283e425f800"}
10:21:29 [[32minfo[39m]: ← GET /api/v1/groups/invites/pending  200  4ms | meta: {"requestId":"019d8a02-2625-76bd-9f15-7283e425f800"}
10:21:34 [[32minfo[39m]: → GET /api/v1/auth/authorize/google?state=MTc3NjEzNjg2Nzg4Nw&iss=https%3A%2F%2Faccounts.google.com&code=4%2F0Aci98E_bpvEDs_81HM8jZqILe205ngqJzvz7PWhmRsABRFi7T_FeJ_tk_aTRHHzC4QyFyQ&scope=email+profile+https%3A%2F%2Fwww.googleapis.com%2Fauth%2Fuserinfo.profile+https%3A%2F%2Fwww.googleapis.com%2Fauth%2Fuserinfo.email+openid&authuser=0&prompt=consent | meta: {"requestId":"019d8a02-36ef-711b-bac9-5a09d9c4ee95","cookies":{"access_token":"***","refresh_token":"***"}}
10:21:34 [[34mdebug[39m]: [Service] AuthService.loginWithGoogle - Start | meta: {"requestId":"019d8a02-36ef-711b-bac9-5a09d9c4ee95","args":["4/0Aci98E_bpvEDs_81HM8jZqILe205ngqJzvz7PWhmRsABRFi7T_FeJ_tk_aTRHHzC4QyFyQ",{"ip":"127.0.0.1","userAgent":"Mozilla/5.0 (X11; Linux x86_64) AppleWebKit/537.36 (KHTML, like Gecko) Chrome/145.0.0.0 Safari/537.36","requestId":"019d8a02-36ef-711b-bac9-5a09d9c4ee95","startTime":1776136894191}]}
10:21:34 [[34mdebug[39m]: [Service] AuthService.loginWithGoogle - Success (392ms) | meta: {"requestId":"019d8a02-36ef-711b-bac9-5a09d9c4ee95"}
10:21:34 [[32minfo[39m]: ← GET /api/v1/auth/authorize/google?state=MTc3NjEzNjg2Nzg4Nw&iss=https%3A%2F%2Faccounts.google.com&code=4%2F0Aci98E_bpvEDs_81HM8jZqILe205ngqJzvz7PWhmRsABRFi7T_FeJ_tk_aTRHHzC4QyFyQ&scope=email+profile+https%3A%2F%2Fwww.googleapis.com%2Fauth%2Fuserinfo.profile+https%3A%2F%2Fwww.googleapis.com%2Fauth%2Fuserinfo.email+openid&authuser=0&prompt=consent  302  393ms | meta: {"requestId":"019d8a02-36ef-711b-bac9-5a09d9c4ee95"}
10:21:35 [[32minfo[39m]: → GET /api/v1/auth/me | meta: {"requestId":"019d8a02-3a31-716d-b4ae-080f650ceaa8","cookies":{"access_token":"***","refresh_token":"***"}}
10:21:35 [[34mdebug[39m]: [Service] AuthService.getProfile - Start | meta: {"requestId":"019d8a02-3a31-716d-b4ae-080f650ceaa8","args":[7]}
10:21:35 [[34mdebug[39m]: [Service] AuthService.getProfile - Success (1ms) | meta: {"requestId":"019d8a02-3a31-716d-b4ae-080f650ceaa8"}
10:21:35 [[32minfo[39m]: ← GET /api/v1/auth/me  200  2ms | meta: {"requestId":"019d8a02-3a31-716d-b4ae-080f650ceaa8"}
10:21:35 [[32minfo[39m]: → GET /api/v1/groups/invites/pending | meta: {"requestId":"019d8a02-3a79-7621-9aa4-0af292c692b9","cookies":{"access_token":"***","refresh_token":"***"}}
10:21:35 [[34mdebug[39m]: [Service] GroupInviteService.listPendingForUser - Start | meta: {"requestId":"019d8a02-3a79-7621-9aa4-0af292c692b9","args":[{"id":7,"email":"khacanh19803535@gmail.com","roles":["student"]}]}
10:21:35 [[34mdebug[39m]: [Service] GroupInviteService.listPendingForUser - Success (2ms) | meta: {"requestId":"019d8a02-3a79-7621-9aa4-0af292c692b9"}
10:21:35 [[32minfo[39m]: ← GET /api/v1/groups/invites/pending  200  4ms | meta: {"requestId":"019d8a02-3a79-7621-9aa4-0af292c692b9"}
10:21:35 [[32minfo[39m]: → GET /api/v1/groups/invites/pending | meta: {"requestId":"019d8a02-3a7f-724a-a55f-1e2cb0d92ab7","cookies":{"access_token":"***","refresh_token":"***"}}
10:21:35 [[34mdebug[39m]: [Service] GroupInviteService.listPendingForUser - Start | meta: {"requestId":"019d8a02-3a7f-724a-a55f-1e2cb0d92ab7","args":[{"id":7,"email":"khacanh19803535@gmail.com","roles":["student"]}]}
10:21:35 [[34mdebug[39m]: [Service] GroupInviteService.listPendingForUser - Success (2ms) | meta: {"requestId":"019d8a02-3a7f-724a-a55f-1e2cb0d92ab7"}
10:21:35 [[32minfo[39m]: ← GET /api/v1/groups/invites/pending  304  3ms | meta: {"requestId":"019d8a02-3a7f-724a-a55f-1e2cb0d92ab7"}
10:21:35 [[32minfo[39m]: → GET /api/v1/groups/invites/pending | meta: {"requestId":"019d8a02-3a84-72d5-887b-5f7c08040d16","cookies":{"access_token":"***","refresh_token":"***"}}
10:21:35 [[34mdebug[39m]: [Service] GroupInviteService.listPendingForUser - Start | meta: {"requestId":"019d8a02-3a84-72d5-887b-5f7c08040d16","args":[{"id":7,"email":"khacanh19803535@gmail.com","roles":["student"]}]}
10:21:35 [[34mdebug[39m]: [Service] GroupInviteService.listPendingForUser - Success (1ms) | meta: {"requestId":"019d8a02-3a84-72d5-887b-5f7c08040d16"}
10:21:35 [[32minfo[39m]: ← GET /api/v1/groups/invites/pending  304  3ms | meta: {"requestId":"019d8a02-3a84-72d5-887b-5f7c08040d16"}
10:21:36 [[32minfo[39m]: → GET /api/v1/groups/invites/pending | meta: {"requestId":"019d8a02-400f-76af-b3ed-29e76717d729","cookies":{"access_token":"***","refresh_token":"***"}}
10:21:36 [[34mdebug[39m]: [Service] GroupInviteService.listPendingForUser - Start | meta: {"requestId":"019d8a02-400f-76af-b3ed-29e76717d729","args":[{"id":7,"email":"khacanh19803535@gmail.com","roles":["student"]}]}
10:21:36 [[34mdebug[39m]: [Service] GroupInviteService.listPendingForUser - Success (2ms) | meta: {"requestId":"019d8a02-400f-76af-b3ed-29e76717d729"}
10:21:36 [[32minfo[39m]: ← GET /api/v1/groups/invites/pending  304  4ms | meta: {"requestId":"019d8a02-400f-76af-b3ed-29e76717d729"}
10:21:36 [[32minfo[39m]: → GET /api/v1/groups/invites/pending | meta: {"requestId":"019d8a02-4015-720a-ba61-bbaf6794810c","cookies":{"access_token":"***","refresh_token":"***"}}
10:21:36 [[34mdebug[39m]: [Service] GroupInviteService.listPendingForUser - Start | meta: {"requestId":"019d8a02-4015-720a-ba61-bbaf6794810c","args":[{"id":7,"email":"khacanh19803535@gmail.com","roles":["student"]}]}
10:21:36 [[34mdebug[39m]: [Service] GroupInviteService.listPendingForUser - Success (2ms) | meta: {"requestId":"019d8a02-4015-720a-ba61-bbaf6794810c"}
10:21:36 [[32minfo[39m]: ← GET /api/v1/groups/invites/pending  304  3ms | meta: {"requestId":"019d8a02-4015-720a-ba61-bbaf6794810c"}
10:21:37 [[32minfo[39m]: → GET /api/v1/groups/invites/pending | meta: {"requestId":"019d8a02-4219-7214-85a7-d3b48b7ee57b","cookies":{"access_token":"***","refresh_token":"***"}}
10:21:37 [[34mdebug[39m]: [Service] GroupInviteService.listPendingForUser - Start | meta: {"requestId":"019d8a02-4219-7214-85a7-d3b48b7ee57b","args":[{"id":7,"email":"khacanh19803535@gmail.com","roles":["student"]}]}
10:21:37 [[34mdebug[39m]: [Service] GroupInviteService.listPendingForUser - Success (1ms) | meta: {"requestId":"019d8a02-4219-7214-85a7-d3b48b7ee57b"}
10:21:37 [[32minfo[39m]: ← GET /api/v1/groups/invites/pending  304  3ms | meta: {"requestId":"019d8a02-4219-7214-85a7-d3b48b7ee57b"}
10:21:37 [[32minfo[39m]: → GET /api/v1/groups/invites/pending | meta: {"requestId":"019d8a02-421d-74b4-9323-163083281175","cookies":{"access_token":"***","refresh_token":"***"}}
10:21:37 [[34mdebug[39m]: [Service] GroupInviteService.listPendingForUser - Start | meta: {"requestId":"019d8a02-421d-74b4-9323-163083281175","args":[{"id":7,"email":"khacanh19803535@gmail.com","roles":["student"]}]}
10:21:37 [[34mdebug[39m]: [Service] GroupInviteService.listPendingForUser - Success (1ms) | meta: {"requestId":"019d8a02-421d-74b4-9323-163083281175"}
10:21:37 [[32minfo[39m]: ← GET /api/v1/groups/invites/pending  304  3ms | meta: {"requestId":"019d8a02-421d-74b4-9323-163083281175"}
10:21:39 [[32minfo[39m]: → GET /api/v1/auth/me | meta: {"requestId":"019d8a02-49d4-7428-ac62-245dd01bbb44","cookies":{"access_token":"***","refresh_token":"***"}}
10:21:39 [[34mdebug[39m]: [Service] AuthService.getProfile - Start | meta: {"requestId":"019d8a02-49d4-7428-ac62-245dd01bbb44","args":[7]}
10:21:39 [[34mdebug[39m]: [Service] AuthService.getProfile - Success (2ms) | meta: {"requestId":"019d8a02-49d4-7428-ac62-245dd01bbb44"}
10:21:39 [[32minfo[39m]: ← GET /api/v1/auth/me  304  3ms | meta: {"requestId":"019d8a02-49d4-7428-ac62-245dd01bbb44"}
10:21:39 [[32minfo[39m]: → GET /api/v1/groups/invites/pending | meta: {"requestId":"019d8a02-4a00-77c9-bf07-89c4818a90cb","cookies":{"access_token":"***","refresh_token":"***"}}
10:21:39 [[34mdebug[39m]: [Service] GroupInviteService.listPendingForUser - Start | meta: {"requestId":"019d8a02-4a00-77c9-bf07-89c4818a90cb","args":[{"id":7,"email":"khacanh19803535@gmail.com","roles":["student"]}]}
10:21:39 [[34mdebug[39m]: [Service] GroupInviteService.listPendingForUser - Success (2ms) | meta: {"requestId":"019d8a02-4a00-77c9-bf07-89c4818a90cb"}
10:21:39 [[32minfo[39m]: ← GET /api/v1/groups/invites/pending  304  4ms | meta: {"requestId":"019d8a02-4a00-77c9-bf07-89c4818a90cb"}
10:21:39 [[32minfo[39m]: → GET /api/v1/groups/invites/pending | meta: {"requestId":"019d8a02-4a05-761f-a8cd-0d7cb72acef4","cookies":{"access_token":"***","refresh_token":"***"}}
10:21:39 [[34mdebug[39m]: [Service] GroupInviteService.listPendingForUser - Start | meta: {"requestId":"019d8a02-4a05-761f-a8cd-0d7cb72acef4","args":[{"id":7,"email":"khacanh19803535@gmail.com","roles":["student"]}]}
10:21:39 [[34mdebug[39m]: [Service] GroupInviteService.listPendingForUser - Success (2ms) | meta: {"requestId":"019d8a02-4a05-761f-a8cd-0d7cb72acef4"}
10:21:39 [[32minfo[39m]: ← GET /api/v1/groups/invites/pending  304  4ms | meta: {"requestId":"019d8a02-4a05-761f-a8cd-0d7cb72acef4"}
10:21:39 [[32minfo[39m]: → GET /api/v1/groups/invites/pending | meta: {"requestId":"019d8a02-4a0b-700d-80e7-2befa9d2b3ee","cookies":{"access_token":"***","refresh_token":"***"}}
10:21:39 [[34mdebug[39m]: [Service] GroupInviteService.listPendingForUser - Start | meta: {"requestId":"019d8a02-4a0b-700d-80e7-2befa9d2b3ee","args":[{"id":7,"email":"khacanh19803535@gmail.com","roles":["student"]}]}
10:21:39 [[34mdebug[39m]: [Service] GroupInviteService.listPendingForUser - Success (2ms) | meta: {"requestId":"019d8a02-4a0b-700d-80e7-2befa9d2b3ee"}
10:21:39 [[32minfo[39m]: ← GET /api/v1/groups/invites/pending  304  3ms | meta: {"requestId":"019d8a02-4a0b-700d-80e7-2befa9d2b3ee"}
10:21:51 [[32minfo[39m]: → GET /api/v1/auth/me | meta: {"requestId":"019d8a02-7be9-702f-a3ed-c47a567b7b84","cookies":{"access_token":"***","refresh_token":"***"}}
10:21:51 [[34mdebug[39m]: [Service] AuthService.getProfile - Start | meta: {"requestId":"019d8a02-7be9-702f-a3ed-c47a567b7b84","args":[1]}
10:21:51 [[34mdebug[39m]: [Service] AuthService.getProfile - Success (2ms) | meta: {"requestId":"019d8a02-7be9-702f-a3ed-c47a567b7b84"}
10:21:51 [[32minfo[39m]: ← GET /api/v1/auth/me  304  3ms | meta: {"requestId":"019d8a02-7be9-702f-a3ed-c47a567b7b84"}
10:21:52 [[32minfo[39m]: → GET /api/v1/semesters | meta: {"requestId":"019d8a02-7d26-778a-8fe8-27c4d6b802af","cookies":{"access_token":"***","refresh_token":"***"}}
10:21:52 [[34mdebug[39m]: [Service] SemesterService.getList - Start | meta: {"requestId":"019d8a02-7d26-778a-8fe8-27c4d6b802af","args":[{},{"allowedSortColumns":["semester_code","semester_name","year","start_date","end_date","status","created_at"],"filters":{}}]}
10:21:52 [[32minfo[39m]: → GET /api/v1/classes/7/overview | meta: {"requestId":"019d8a02-7d27-764b-abc8-960710406a40","cookies":{"access_token":"***","refresh_token":"***"}}
10:21:52 [[34mdebug[39m]: [Service] SemesterService.getList - Success (3ms) | meta: {"requestId":"019d8a02-7d26-778a-8fe8-27c4d6b802af"}
10:21:52 [[32minfo[39m]: ← GET /api/v1/semesters  304  3ms | meta: {"requestId":"019d8a02-7d26-778a-8fe8-27c4d6b802af"}
10:21:52 [[32minfo[39m]: ← GET /api/v1/classes/7/overview  200  6ms | meta: {"requestId":"019d8a02-7d27-764b-abc8-960710406a40"}
10:21:52 [[32minfo[39m]: → GET /api/v1/classes?year=2026&lecturerScope=mine&limit=100&page=1&semester_code=SP2026 | meta: {"requestId":"019d8a02-7d35-722b-b6ca-66d2a2831bbd","cookies":{"access_token":"***","refresh_token":"***"}}
10:21:52 [[32minfo[39m]: ← GET /api/v1/classes?year=2026&lecturerScope=mine&limit=100&page=1&semester_code=SP2026  200  5ms | meta: {"requestId":"019d8a02-7d35-722b-b6ca-66d2a2831bbd"}
10:22:04 [[32minfo[39m]: → GET /api/v1/auth/me | meta: {"requestId":"019d8a02-ac0c-736f-9413-5b2293914708","cookies":{"_ga":"GA1.1.1169328970.1751595212","_ga_R6GED77XBQ":"GS2.1.s1751595212$o1$g0$t1751595221$j51$l0$h0","access_token":"***","refresh_token":"***"}}
10:22:04 [[34mdebug[39m]: [Service] AuthService.getProfile - Start | meta: {"requestId":"019d8a02-ac0c-736f-9413-5b2293914708","args":[5]}
10:22:04 [[34mdebug[39m]: [Service] AuthService.getProfile - Success (1ms) | meta: {"requestId":"019d8a02-ac0c-736f-9413-5b2293914708"}
10:22:04 [[32minfo[39m]: ← GET /api/v1/auth/me  304  2ms | meta: {"requestId":"019d8a02-ac0c-736f-9413-5b2293914708"}
10:22:04 [[32minfo[39m]: → GET /api/v1/groups/invites/pending | meta: {"requestId":"019d8a02-ac19-773c-a4a9-7fa6004e142a","cookies":{"_ga":"GA1.1.1169328970.1751595212","_ga_R6GED77XBQ":"GS2.1.s1751595212$o1$g0$t1751595221$j51$l0$h0","access_token":"***","refresh_token":"***"}}
10:22:04 [[34mdebug[39m]: [Service] GroupInviteService.listPendingForUser - Start | meta: {"requestId":"019d8a02-ac19-773c-a4a9-7fa6004e142a","args":[{"id":5,"email":"anhnkde180030@fpt.edu.vn","roles":["student"]}]}
10:22:04 [[34mdebug[39m]: [Service] GroupInviteService.listPendingForUser - Success (4ms) | meta: {"requestId":"019d8a02-ac19-773c-a4a9-7fa6004e142a"}
10:22:04 [[32minfo[39m]: ← GET /api/v1/groups/invites/pending  200  5ms | meta: {"requestId":"019d8a02-ac19-773c-a4a9-7fa6004e142a"}
10:22:04 [[32minfo[39m]: → GET /api/v1/groups/invites/pending | meta: {"requestId":"019d8a02-ac21-7208-9867-78432d2f2a75","cookies":{"_ga":"GA1.1.1169328970.1751595212","_ga_R6GED77XBQ":"GS2.1.s1751595212$o1$g0$t1751595221$j51$l0$h0","access_token":"***","refresh_token":"***"}}
10:22:04 [[34mdebug[39m]: [Service] GroupInviteService.listPendingForUser - Start | meta: {"requestId":"019d8a02-ac21-7208-9867-78432d2f2a75","args":[{"id":5,"email":"anhnkde180030@fpt.edu.vn","roles":["student"]}]}
10:22:04 [[34mdebug[39m]: [Service] GroupInviteService.listPendingForUser - Success (2ms) | meta: {"requestId":"019d8a02-ac21-7208-9867-78432d2f2a75"}
10:22:04 [[32minfo[39m]: ← GET /api/v1/groups/invites/pending  304  5ms | meta: {"requestId":"019d8a02-ac21-7208-9867-78432d2f2a75"}
10:22:04 [[32minfo[39m]: → GET /api/v1/groups/invites/pending | meta: {"requestId":"019d8a02-ac28-74dd-ab38-89b7a0ab1ea6","cookies":{"_ga":"GA1.1.1169328970.1751595212","_ga_R6GED77XBQ":"GS2.1.s1751595212$o1$g0$t1751595221$j51$l0$h0","access_token":"***","refresh_token":"***"}}
10:22:04 [[34mdebug[39m]: [Service] GroupInviteService.listPendingForUser - Start | meta: {"requestId":"019d8a02-ac28-74dd-ab38-89b7a0ab1ea6","args":[{"id":5,"email":"anhnkde180030@fpt.edu.vn","roles":["student"]}]}
10:22:04 [[34mdebug[39m]: [Service] GroupInviteService.listPendingForUser - Success (2ms) | meta: {"requestId":"019d8a02-ac28-74dd-ab38-89b7a0ab1ea6"}
10:22:04 [[32minfo[39m]: ← GET /api/v1/groups/invites/pending  304  3ms | meta: {"requestId":"019d8a02-ac28-74dd-ab38-89b7a0ab1ea6"}
10:22:14 [[32minfo[39m]: → GET /api/v1/auth/me | meta: {"requestId":"019d8a02-d2b5-71b3-b57d-16a867784bce","cookies":{"__stripe_mid":"375dac38-1155-4940-b27f-d23a38cdf75fa31773","refresh_token":"***"}}
10:22:14 [[33mwarn[39m]: ← GET /api/v1/auth/me  401  1ms | meta: {"requestId":"019d8a02-d2b5-71b3-b57d-16a867784bce"}
10:22:14 [[32minfo[39m]: → POST /api/v1/auth/refresh-token | meta: {"requestId":"019d8a02-d2bb-73df-b1ee-827de7f61819","cookies":{"__stripe_mid":"375dac38-1155-4940-b27f-d23a38cdf75fa31773","refresh_token":"***"}}
10:22:14 [[34mdebug[39m]: [Service] AuthService.refresh - Start | meta: {"requestId":"019d8a02-d2bb-73df-b1ee-827de7f61819","args":["eyJhbGciOiJIUzI1NiIsInR5cCI6IkpXVCJ9.eyJzdWIiOjcsImVtYWlsIjoiYXB0MzIzM2dwdEBnbWFpbC5jb20iLCJyb2xlcyI6WyJzdHVkZW50Il0sImp0aSI6IjQwZmZjNjNiLThkN2QtNDAwNC04NWFkLTcxYjFiNTRmMGJkZiIsInR5cGUiOiJyZWZyZXNoIiwiaWF0IjoxNzc2MTM1OTA5LCJleHAiOjE3Nzg3Mjc5MDksImlzcyI6Imltcy1zZXJ2ZXIifQ.418SVEP8V0gbTqIaQVC8JVZehm6o7rq0vjptcuajP24",{"ip":"127.0.0.1","userAgent":"Mozilla/5.0 (X11; Linux x86_64) AppleWebKit/537.36 (KHTML, like Gecko) Chrome/145.0.0.0 Safari/537.36","requestId":"019d8a02-d2bb-73df-b1ee-827de7f61819","startTime":1776136934075}]}
10:22:14 [[34mdebug[39m]: [Service] AuthService.refresh - Success (3ms) | meta: {"requestId":"019d8a02-d2bb-73df-b1ee-827de7f61819"}
10:22:14 [[32minfo[39m]: ← POST /api/v1/auth/refresh-token  200  4ms | meta: {"requestId":"019d8a02-d2bb-73df-b1ee-827de7f61819"}
10:22:14 [[32minfo[39m]: → GET /api/v1/auth/me | meta: {"requestId":"019d8a02-d2c3-7218-ac72-804ecf79b286","cookies":{"__stripe_mid":"375dac38-1155-4940-b27f-d23a38cdf75fa31773","access_token":"***","refresh_token":"***"}}
10:22:14 [[34mdebug[39m]: [Service] AuthService.getProfile - Start | meta: {"requestId":"019d8a02-d2c3-7218-ac72-804ecf79b286","args":[7]}
10:22:14 [[34mdebug[39m]: [Service] AuthService.getProfile - Success (1ms) | meta: {"requestId":"019d8a02-d2c3-7218-ac72-804ecf79b286"}
10:22:14 [[32minfo[39m]: ← GET /api/v1/auth/me  200  2ms | meta: {"requestId":"019d8a02-d2c3-7218-ac72-804ecf79b286"}
10:22:14 [[32minfo[39m]: → GET /api/v1/groups/invites/pending | meta: {"requestId":"019d8a02-d2dc-75fc-b85d-39e9506474f0","cookies":{"__stripe_mid":"375dac38-1155-4940-b27f-d23a38cdf75fa31773","access_token":"***","refresh_token":"***"}}
10:22:14 [[34mdebug[39m]: [Service] GroupInviteService.listPendingForUser - Start | meta: {"requestId":"019d8a02-d2dc-75fc-b85d-39e9506474f0","args":[{"id":7,"email":"apt3233gpt@gmail.com","roles":["student"]}]}
10:22:14 [[34mdebug[39m]: [Service] GroupInviteService.listPendingForUser - Success (1ms) | meta: {"requestId":"019d8a02-d2dc-75fc-b85d-39e9506474f0"}
10:22:14 [[32minfo[39m]: ← GET /api/v1/groups/invites/pending  200  3ms | meta: {"requestId":"019d8a02-d2dc-75fc-b85d-39e9506474f0"}
10:22:14 [[32minfo[39m]: → GET /api/v1/groups/invites/pending | meta: {"requestId":"019d8a02-d2e1-7469-b6e3-1211e71c4041","cookies":{"__stripe_mid":"375dac38-1155-4940-b27f-d23a38cdf75fa31773","access_token":"***","refresh_token":"***"}}
10:22:14 [[34mdebug[39m]: [Service] GroupInviteService.listPendingForUser - Start | meta: {"requestId":"019d8a02-d2e1-7469-b6e3-1211e71c4041","args":[{"id":7,"email":"apt3233gpt@gmail.com","roles":["student"]}]}
10:22:14 [[34mdebug[39m]: [Service] GroupInviteService.listPendingForUser - Success (1ms) | meta: {"requestId":"019d8a02-d2e1-7469-b6e3-1211e71c4041"}
10:22:14 [[32minfo[39m]: ← GET /api/v1/groups/invites/pending  304  3ms | meta: {"requestId":"019d8a02-d2e1-7469-b6e3-1211e71c4041"}
10:22:14 [[32minfo[39m]: → GET /api/v1/groups/invites/pending | meta: {"requestId":"019d8a02-d2e7-76ac-85c7-dff9d53991b7","cookies":{"__stripe_mid":"375dac38-1155-4940-b27f-d23a38cdf75fa31773","access_token":"***","refresh_token":"***"}}
10:22:14 [[34mdebug[39m]: [Service] GroupInviteService.listPendingForUser - Start | meta: {"requestId":"019d8a02-d2e7-76ac-85c7-dff9d53991b7","args":[{"id":7,"email":"apt3233gpt@gmail.com","roles":["student"]}]}
10:22:14 [[34mdebug[39m]: [Service] GroupInviteService.listPendingForUser - Success (1ms) | meta: {"requestId":"019d8a02-d2e7-76ac-85c7-dff9d53991b7"}
10:22:14 [[32minfo[39m]: ← GET /api/v1/groups/invites/pending  304  2ms | meta: {"requestId":"019d8a02-d2e7-76ac-85c7-dff9d53991b7"}
10:22:16 [[32minfo[39m]: → GET /api/v1/groups/invites/pending | meta: {"requestId":"019d8a02-dd59-76d4-bbbe-c17940c9930b","cookies":{"__stripe_mid":"375dac38-1155-4940-b27f-d23a38cdf75fa31773","access_token":"***","refresh_token":"***"}}
10:22:16 [[34mdebug[39m]: [Service] GroupInviteService.listPendingForUser - Start | meta: {"requestId":"019d8a02-dd59-76d4-bbbe-c17940c9930b","args":[{"id":7,"email":"apt3233gpt@gmail.com","roles":["student"]}]}
10:22:16 [[34mdebug[39m]: [Service] GroupInviteService.listPendingForUser - Success (1ms) | meta: {"requestId":"019d8a02-dd59-76d4-bbbe-c17940c9930b"}
10:22:16 [[32minfo[39m]: ← GET /api/v1/groups/invites/pending  304  3ms | meta: {"requestId":"019d8a02-dd59-76d4-bbbe-c17940c9930b"}
10:22:16 [[32minfo[39m]: → GET /api/v1/groups/invites/pending | meta: {"requestId":"019d8a02-dd5e-749c-9314-c4b331e9ad58","cookies":{"__stripe_mid":"375dac38-1155-4940-b27f-d23a38cdf75fa31773","access_token":"***","refresh_token":"***"}}
10:22:16 [[34mdebug[39m]: [Service] GroupInviteService.listPendingForUser - Start | meta: {"requestId":"019d8a02-dd5e-749c-9314-c4b331e9ad58","args":[{"id":7,"email":"apt3233gpt@gmail.com","roles":["student"]}]}
10:22:16 [[34mdebug[39m]: [Service] GroupInviteService.listPendingForUser - Success (1ms) | meta: {"requestId":"019d8a02-dd5e-749c-9314-c4b331e9ad58"}
10:22:16 [[32minfo[39m]: ← GET /api/v1/groups/invites/pending  304  3ms | meta: {"requestId":"019d8a02-dd5e-749c-9314-c4b331e9ad58"}
10:22:17 [[32minfo[39m]: → GET /api/v1/groups/invites/pending | meta: {"requestId":"019d8a02-debc-7569-819f-5a46d92c7e06","cookies":{"__stripe_mid":"375dac38-1155-4940-b27f-d23a38cdf75fa31773","access_token":"***","refresh_token":"***"}}
10:22:17 [[34mdebug[39m]: [Service] GroupInviteService.listPendingForUser - Start | meta: {"requestId":"019d8a02-debc-7569-819f-5a46d92c7e06","args":[{"id":7,"email":"apt3233gpt@gmail.com","roles":["student"]}]}
10:22:17 [[34mdebug[39m]: [Service] GroupInviteService.listPendingForUser - Success (1ms) | meta: {"requestId":"019d8a02-debc-7569-819f-5a46d92c7e06"}
10:22:17 [[32minfo[39m]: ← GET /api/v1/groups/invites/pending  304  2ms | meta: {"requestId":"019d8a02-debc-7569-819f-5a46d92c7e06"}
10:22:17 [[32minfo[39m]: → GET /api/v1/groups/invites/pending | meta: {"requestId":"019d8a02-dec0-737f-9395-b3f62e92eec5","cookies":{"__stripe_mid":"375dac38-1155-4940-b27f-d23a38cdf75fa31773","access_token":"***","refresh_token":"***"}}
10:22:17 [[34mdebug[39m]: [Service] GroupInviteService.listPendingForUser - Start | meta: {"requestId":"019d8a02-dec0-737f-9395-b3f62e92eec5","args":[{"id":7,"email":"apt3233gpt@gmail.com","roles":["student"]}]}
10:22:17 [[34mdebug[39m]: [Service] GroupInviteService.listPendingForUser - Success (1ms) | meta: {"requestId":"019d8a02-dec0-737f-9395-b3f62e92eec5"}
10:22:17 [[32minfo[39m]: ← GET /api/v1/groups/invites/pending  304  3ms | meta: {"requestId":"019d8a02-dec0-737f-9395-b3f62e92eec5"}
